Archive member included to satisfy reference by file (symbol)

d:/intelfpga_lite/19.1/nios2eds/bin/gnu/h-x86_64-mingw32/bin/../lib/gcc/nios2-elf/8.3.1/mno-hw-mul\libgcc.a(lib2-divmod.o)
                              obj/default/DE_seven_segment_display.o (__modsi3)
D:/Quartus_Projects/nios_hello2/software/hello_world_sw_bsp/\libhal_bsp.a(alt_getchar.o)
                              obj/default/DE_seven_segment_display.o (alt_getchar)
D:/Quartus_Projects/nios_hello2/software/hello_world_sw_bsp/\libhal_bsp.a(alt_load.o)
                              D:/Quartus_Projects/nios_hello2/software/hello_world_sw_bsp/obj/HAL/src/crt0.o (alt_load)
D:/Quartus_Projects/nios_hello2/software/hello_world_sw_bsp/\libhal_bsp.a(alt_main.o)
                              D:/Quartus_Projects/nios_hello2/software/hello_world_sw_bsp/obj/HAL/src/crt0.o (alt_main)
D:/Quartus_Projects/nios_hello2/software/hello_world_sw_bsp/\libhal_bsp.a(alt_putstr.o)
                              obj/default/DE_seven_segment_display.o (alt_putstr)
D:/Quartus_Projects/nios_hello2/software/hello_world_sw_bsp/\libhal_bsp.a(alt_sys_init.o)
                              D:/Quartus_Projects/nios_hello2/software/hello_world_sw_bsp/\libhal_bsp.a(alt_main.o) (alt_irq_init)
D:/Quartus_Projects/nios_hello2/software/hello_world_sw_bsp/\libhal_bsp.a(altera_avalon_jtag_uart_read.o)
                              D:/Quartus_Projects/nios_hello2/software/hello_world_sw_bsp/\libhal_bsp.a(alt_getchar.o) (altera_avalon_jtag_uart_read)
D:/Quartus_Projects/nios_hello2/software/hello_world_sw_bsp/\libhal_bsp.a(altera_avalon_jtag_uart_write.o)
                              D:/Quartus_Projects/nios_hello2/software/hello_world_sw_bsp/\libhal_bsp.a(alt_putstr.o) (altera_avalon_jtag_uart_write)
D:/Quartus_Projects/nios_hello2/software/hello_world_sw_bsp/\libhal_bsp.a(alt_dcache_flush_all.o)
                              D:/Quartus_Projects/nios_hello2/software/hello_world_sw_bsp/\libhal_bsp.a(alt_load.o) (alt_dcache_flush_all)
D:/Quartus_Projects/nios_hello2/software/hello_world_sw_bsp/\libhal_bsp.a(alt_dev.o)
                              D:/Quartus_Projects/nios_hello2/software/hello_world_sw_bsp/\libhal_bsp.a(alt_getchar.o) (alt_fd_list)
D:/Quartus_Projects/nios_hello2/software/hello_world_sw_bsp/\libhal_bsp.a(alt_icache_flush_all.o)
                              D:/Quartus_Projects/nios_hello2/software/hello_world_sw_bsp/\libhal_bsp.a(alt_load.o) (alt_icache_flush_all)
D:/Quartus_Projects/nios_hello2/software/hello_world_sw_bsp/\libhal_bsp.a(altera_nios2_gen2_irq.o)
                              D:/Quartus_Projects/nios_hello2/software/hello_world_sw_bsp/\libhal_bsp.a(alt_sys_init.o) (altera_nios2_gen2_irq_init)
d:/intelfpga_lite/19.1/nios2eds/bin/gnu/h-x86_64-mingw32/bin/../lib/gcc/nios2-elf/8.3.1/../../../../../H-x86_64-mingw32/nios2-elf/lib/mno-hw-mul\libsmallc.a(lib_a-strlen.o)
                              D:/Quartus_Projects/nios_hello2/software/hello_world_sw_bsp/\libhal_bsp.a(alt_putstr.o) (strlen)

Allocating common symbols
Common symbol       size              file

pause               0x4               obj/default/DE_seven_segment_display.o
dancing             0x4               obj/default/DE_seven_segment_display.o
disp_off            0x4               obj/default/DE_seven_segment_display.o
reverse             0x4               obj/default/DE_seven_segment_display.o
prevLetter          0x1               obj/default/DE_seven_segment_display.o
flag                0x4               obj/default/DE_seven_segment_display.o
length              0x4               obj/default/DE_seven_segment_display.o
text                0x200             obj/default/DE_seven_segment_display.o
dance_dir           0x4               obj/default/DE_seven_segment_display.o
slowdown_toggle     0x4               obj/default/DE_seven_segment_display.o
enteredText         0x100             obj/default/DE_seven_segment_display.o
toggle              0x4               obj/default/DE_seven_segment_display.o
speedup_toggle      0x4               obj/default/DE_seven_segment_display.o
upsideDown          0x4               obj/default/DE_seven_segment_display.o
dance_state         0x4               obj/default/DE_seven_segment_display.o
re_enter            0x4               obj/default/DE_seven_segment_display.o

Memory Configuration

Name             Origin             Length             Attributes
reset            0x0000000000010000 0x0000000000000020
onchip_memory    0x0000000000010020 0x000000000000ffe0
*default*        0x0000000000000000 0xffffffffffffffff

Linker script and memory map

LOAD D:/Quartus_Projects/nios_hello2/software/hello_world_sw_bsp/obj/HAL/src/crt0.o
LOAD obj/default/DE_seven_segment_display.o
LOAD d:/intelfpga_lite/19.1/nios2eds/bin/gnu/h-x86_64-mingw32/bin/../lib/gcc/nios2-elf/8.3.1/../../../../../H-x86_64-mingw32/nios2-elf/lib/mno-hw-mul\libstdc++.a
LOAD d:/intelfpga_lite/19.1/nios2eds/bin/gnu/h-x86_64-mingw32/bin/../lib/gcc/nios2-elf/8.3.1/../../../../../H-x86_64-mingw32/nios2-elf/lib/mno-hw-mul\libm.a
LOAD d:/intelfpga_lite/19.1/nios2eds/bin/gnu/h-x86_64-mingw32/bin/../lib/gcc/nios2-elf/8.3.1/mno-hw-mul\libgcc.a
START GROUP
LOAD d:/intelfpga_lite/19.1/nios2eds/bin/gnu/h-x86_64-mingw32/bin/../lib/gcc/nios2-elf/8.3.1/../../../../../H-x86_64-mingw32/nios2-elf/lib/mno-hw-mul\libsmallc.a
LOAD d:/intelfpga_lite/19.1/nios2eds/bin/gnu/h-x86_64-mingw32/bin/../lib/gcc/nios2-elf/8.3.1/mno-hw-mul\libgcc.a
LOAD D:/Quartus_Projects/nios_hello2/software/hello_world_sw_bsp/\libhal_bsp.a
LOAD d:/intelfpga_lite/19.1/nios2eds/bin/gnu/h-x86_64-mingw32/bin/../lib/gcc/nios2-elf/8.3.1/../../../../../H-x86_64-mingw32/nios2-elf/lib/mno-hw-mul\libm.a
END GROUP
LOAD d:/intelfpga_lite/19.1/nios2eds/bin/gnu/h-x86_64-mingw32/bin/../lib/gcc/nios2-elf/8.3.1/mno-hw-mul\libgcc.a
                0x0000000000010000                __alt_mem_onchip_memory = 0x10000

.entry          0x0000000000010000       0x20
 *(.entry)
 .entry         0x0000000000010000       0x20 D:/Quartus_Projects/nios_hello2/software/hello_world_sw_bsp/obj/HAL/src/crt0.o
                0x0000000000010000                __reset
                0x000000000001000c                _exit

.exceptions     0x0000000000010020        0x0
                0x0000000000010020                PROVIDE (__ram_exceptions_start = ABSOLUTE (.))
                0x0000000000010020                . = ALIGN (0x20)
 *(.irq)
 *(.exceptions.entry.label)
 *(.exceptions.entry.user)
 *(.exceptions.entry.ecc_fatal)
 *(.exceptions.entry)
 *(.exceptions.irqtest.user)
 *(.exceptions.irqtest)
 *(.exceptions.irqhandler.user)
 *(.exceptions.irqhandler)
 *(.exceptions.irqreturn.user)
 *(.exceptions.irqreturn)
 *(.exceptions.notirq.label)
 *(.exceptions.notirq.user)
 *(.exceptions.notirq)
 *(.exceptions.soft.user)
 *(.exceptions.soft)
 *(.exceptions.unknown.user)
 *(.exceptions.unknown)
 *(.exceptions.exit.label)
 *(.exceptions.exit.user)
 *(.exceptions.exit)
 *(.exceptions)
                0x0000000000010020                PROVIDE (__ram_exceptions_end = ABSOLUTE (.))
                0x0000000000010020                PROVIDE (__flash_exceptions_start = LOADADDR (.exceptions))

.text           0x0000000000010020      0xec0
                [!provide]                        PROVIDE (stext = ABSOLUTE (.))
 *(.interp)
 *(.hash)
 *(.dynsym)
 *(.dynstr)
 *(.gnu.version)
 *(.gnu.version_d)
 *(.gnu.version_r)
 *(.rel.init)
 *(.rela.init)
 *(.rel.text .rel.text.* .rel.gnu.linkonce.t.*)
 *(.rela.text .rela.text.* .rela.gnu.linkonce.t.*)
 *(.rel.fini)
 *(.rela.fini)
 *(.rel.rodata .rel.rodata.* .rel.gnu.linkonce.r.*)
 *(.rela.rodata .rela.rodata.* .rela.gnu.linkonce.r.*)
 *(.rel.data .rel.data.* .rel.gnu.linkonce.d.*)
 *(.rela.data .rela.data.* .rela.gnu.linkonce.d.*)
 *(.rel.tdata .rel.tdata.* .rel.gnu.linkonce.td.*)
 *(.rela.tdata .rela.tdata.* .rela.gnu.linkonce.td.*)
 *(.rel.tbss .rel.tbss.* .rel.gnu.linkonce.tb.*)
 *(.rela.tbss .rela.tbss.* .rela.gnu.linkonce.tb.*)
 *(.rel.ctors)
 *(.rela.ctors)
 *(.rel.dtors)
 *(.rela.dtors)
 *(.rel.got)
 *(.rela.got)
 *(.rel.sdata .rel.sdata.* .rel.gnu.linkonce.s.*)
 *(.rela.sdata .rela.sdata.* .rela.gnu.linkonce.s.*)
 *(.rel.sbss .rel.sbss.* .rel.gnu.linkonce.sb.*)
 *(.rela.sbss .rela.sbss.* .rela.gnu.linkonce.sb.*)
 *(.rel.sdata2 .rel.sdata2.* .rel.gnu.linkonce.s2.*)
 *(.rela.sdata2 .rela.sdata2.* .rela.gnu.linkonce.s2.*)
 *(.rel.sbss2 .rel.sbss2.* .rel.gnu.linkonce.sb2.*)
 *(.rela.sbss2 .rela.sbss2.* .rela.gnu.linkonce.sb2.*)
 *(.rel.bss .rel.bss.* .rel.gnu.linkonce.b.*)
 *(.rela.bss .rela.bss.* .rela.gnu.linkonce.b.*)
 *(.rel.plt)
 *(.rela.plt)
 *(.rel.dyn)
 *(.init)
 *(.plt)
 *(.text .stub .text.* .gnu.linkonce.t.*)
 .text          0x0000000000010020       0x3c D:/Quartus_Projects/nios_hello2/software/hello_world_sw_bsp/obj/HAL/src/crt0.o
                0x0000000000010020                _start
 .text          0x000000000001005c      0x974 obj/default/DE_seven_segment_display.o
                0x000000000001005c                getTxt
                0x00000000000100d0                getActualText
                0x0000000000010184                updateText
                0x0000000000010224                initializeDisplay
                0x00000000000102c0                clearActualText
                0x00000000000102e4                updateTimer
                0x0000000000010308                updateLocation
                0x00000000000103c0                updatePBState
                0x0000000000010564                getBin
                0x000000000001058c                getBinaryLetter
                0x0000000000010600                getBinLowLow
                0x0000000000010634                getBinLow
                0x0000000000010688                getBinHigh
                0x00000000000106dc                getBinHighHigh
                0x0000000000010710                print
                0x0000000000010738                print_letters
 .text.startup  0x00000000000109d0      0x120 obj/default/DE_seven_segment_display.o
                0x00000000000109d0                main
 .text          0x0000000000010af0      0x1b8 d:/intelfpga_lite/19.1/nios2eds/bin/gnu/h-x86_64-mingw32/bin/../lib/gcc/nios2-elf/8.3.1/mno-hw-mul\libgcc.a(lib2-divmod.o)
                0x0000000000010af0                __divsi3
                0x0000000000010b70                __modsi3
                0x0000000000010be8                __udivsi3
                0x0000000000010c4c                __umodsi3
 .text          0x0000000000010ca8       0x40 D:/Quartus_Projects/nios_hello2/software/hello_world_sw_bsp/\libhal_bsp.a(alt_getchar.o)
                0x0000000000010ca8                alt_getchar
 .text          0x0000000000010ce8       0xb4 D:/Quartus_Projects/nios_hello2/software/hello_world_sw_bsp/\libhal_bsp.a(alt_load.o)
                0x0000000000010ce8                alt_load
 .text          0x0000000000010d9c       0x2c D:/Quartus_Projects/nios_hello2/software/hello_world_sw_bsp/\libhal_bsp.a(alt_main.o)
                0x0000000000010d9c                alt_main
 .text          0x0000000000010dc8       0x38 D:/Quartus_Projects/nios_hello2/software/hello_world_sw_bsp/\libhal_bsp.a(alt_putstr.o)
                0x0000000000010dc8                alt_putstr
 .text          0x0000000000010e00       0x24 D:/Quartus_Projects/nios_hello2/software/hello_world_sw_bsp/\libhal_bsp.a(alt_sys_init.o)
                0x0000000000010e00                alt_irq_init
                0x0000000000010e20                alt_sys_init
 .text          0x0000000000010e24       0x58 D:/Quartus_Projects/nios_hello2/software/hello_world_sw_bsp/\libhal_bsp.a(altera_avalon_jtag_uart_read.o)
                0x0000000000010e24                altera_avalon_jtag_uart_read
 .text          0x0000000000010e7c       0x30 D:/Quartus_Projects/nios_hello2/software/hello_world_sw_bsp/\libhal_bsp.a(altera_avalon_jtag_uart_write.o)
                0x0000000000010e7c                altera_avalon_jtag_uart_write
 .text          0x0000000000010eac        0x4 D:/Quartus_Projects/nios_hello2/software/hello_world_sw_bsp/\libhal_bsp.a(alt_dcache_flush_all.o)
                0x0000000000010eac                alt_dcache_flush_all
 .text          0x0000000000010eb0        0x8 D:/Quartus_Projects/nios_hello2/software/hello_world_sw_bsp/\libhal_bsp.a(alt_dev.o)
 .text          0x0000000000010eb8        0x4 D:/Quartus_Projects/nios_hello2/software/hello_world_sw_bsp/\libhal_bsp.a(alt_icache_flush_all.o)
                0x0000000000010eb8                alt_icache_flush_all
 .text          0x0000000000010ebc        0x8 D:/Quartus_Projects/nios_hello2/software/hello_world_sw_bsp/\libhal_bsp.a(altera_nios2_gen2_irq.o)
                0x0000000000010ebc                altera_nios2_gen2_irq_init
 .text          0x0000000000010ec4        0x0 d:/intelfpga_lite/19.1/nios2eds/bin/gnu/h-x86_64-mingw32/bin/../lib/gcc/nios2-elf/8.3.1/../../../../../H-x86_64-mingw32/nios2-elf/lib/mno-hw-mul\libsmallc.a(lib_a-strlen.o)
 .text.strlen   0x0000000000010ec4       0x1c d:/intelfpga_lite/19.1/nios2eds/bin/gnu/h-x86_64-mingw32/bin/../lib/gcc/nios2-elf/8.3.1/../../../../../H-x86_64-mingw32/nios2-elf/lib/mno-hw-mul\libsmallc.a(lib_a-strlen.o)
                0x0000000000010ec4                strlen
 *(.gnu.warning.*)
 *(.fini)
                [!provide]                        PROVIDE (__etext = ABSOLUTE (.))
                [!provide]                        PROVIDE (_etext = ABSOLUTE (.))
                [!provide]                        PROVIDE (etext = ABSOLUTE (.))
 *(.eh_frame_hdr)
                0x0000000000010ee0                . = ALIGN (0x4)
                [!provide]                        PROVIDE (__preinit_array_start = ABSOLUTE (.))
 *(.preinit_array)
                [!provide]                        PROVIDE (__preinit_array_end = ABSOLUTE (.))
                [!provide]                        PROVIDE (__init_array_start = ABSOLUTE (.))
 *(.init_array)
                [!provide]                        PROVIDE (__init_array_end = ABSOLUTE (.))
                [!provide]                        PROVIDE (__fini_array_start = ABSOLUTE (.))
 *(.fini_array)
                [!provide]                        PROVIDE (__fini_array_end = ABSOLUTE (.))
 *(.eh_frame)
 *(.gcc_except_table .gcc_except_table.*)
 *(.dynamic)
                [!provide]                        PROVIDE (__CTOR_LIST__ = ABSOLUTE (.))
 *(.ctors)
 *(SORT_BY_NAME(.ctors.*))
                [!provide]                        PROVIDE (__CTOR_END__ = ABSOLUTE (.))
                [!provide]                        PROVIDE (__DTOR_LIST__ = ABSOLUTE (.))
 *(.dtors)
 *(SORT_BY_NAME(.dtors.*))
                [!provide]                        PROVIDE (__DTOR_END__ = ABSOLUTE (.))
 *(.jcr)
                0x0000000000010ee0                . = ALIGN (0x4)

.rodata         0x0000000000010ee0      0x204
                0x0000000000010ee0                PROVIDE (__ram_rodata_start = ABSOLUTE (.))
                0x0000000000010ee0                . = ALIGN (0x4)
 *(.rodata .rodata.* .gnu.linkonce.r.*)
 .rodata.str1.4
                0x0000000000010ee0      0x1cd obj/default/DE_seven_segment_display.o
 .rodata        0x00000000000110ad       0x2b obj/default/DE_seven_segment_display.o
 .rodata.str1.4
                0x00000000000110d8        0xc D:/Quartus_Projects/nios_hello2/software/hello_world_sw_bsp/\libhal_bsp.a(alt_dev.o)
                                          0xa (size before relaxing)
 *(.rodata1)
                0x00000000000110e4                . = ALIGN (0x4)
                0x00000000000110e4                PROVIDE (__ram_rodata_end = ABSOLUTE (.))
                0x0000000000010ee0                PROVIDE (__flash_rodata_start = LOADADDR (.rodata))

.rwdata         0x00000000000110e4       0x74 load address 0x0000000000011158
                0x00000000000110e4                PROVIDE (__ram_rwdata_start = ABSOLUTE (.))
                0x00000000000110e4                . = ALIGN (0x4)
 *(.got.plt)
 *(.got)
 *(.data1)
 *(.data .data.* .gnu.linkonce.d.*)
 .data          0x00000000000110e4        0x0 D:/Quartus_Projects/nios_hello2/software/hello_world_sw_bsp/obj/HAL/src/crt0.o
 .data          0x00000000000110e4        0x0 obj/default/DE_seven_segment_display.o
 .data          0x00000000000110e4        0x0 d:/intelfpga_lite/19.1/nios2eds/bin/gnu/h-x86_64-mingw32/bin/../lib/gcc/nios2-elf/8.3.1/mno-hw-mul\libgcc.a(lib2-divmod.o)
 .data          0x00000000000110e4        0x0 D:/Quartus_Projects/nios_hello2/software/hello_world_sw_bsp/\libhal_bsp.a(alt_getchar.o)
 .data          0x00000000000110e4        0x0 D:/Quartus_Projects/nios_hello2/software/hello_world_sw_bsp/\libhal_bsp.a(alt_load.o)
 .data          0x00000000000110e4        0x0 D:/Quartus_Projects/nios_hello2/software/hello_world_sw_bsp/\libhal_bsp.a(alt_main.o)
 .data          0x00000000000110e4        0x0 D:/Quartus_Projects/nios_hello2/software/hello_world_sw_bsp/\libhal_bsp.a(alt_putstr.o)
 .data          0x00000000000110e4        0x0 D:/Quartus_Projects/nios_hello2/software/hello_world_sw_bsp/\libhal_bsp.a(alt_sys_init.o)
 .data          0x00000000000110e4        0x0 D:/Quartus_Projects/nios_hello2/software/hello_world_sw_bsp/\libhal_bsp.a(altera_avalon_jtag_uart_read.o)
 .data          0x00000000000110e4        0x0 D:/Quartus_Projects/nios_hello2/software/hello_world_sw_bsp/\libhal_bsp.a(altera_avalon_jtag_uart_write.o)
 .data          0x00000000000110e4        0x0 D:/Quartus_Projects/nios_hello2/software/hello_world_sw_bsp/\libhal_bsp.a(alt_dcache_flush_all.o)
 .data          0x00000000000110e4       0x58 D:/Quartus_Projects/nios_hello2/software/hello_world_sw_bsp/\libhal_bsp.a(alt_dev.o)
                0x00000000000110e4                alt_fd_list
                0x0000000000011114                alt_dev_null
 .data          0x000000000001113c        0x0 D:/Quartus_Projects/nios_hello2/software/hello_world_sw_bsp/\libhal_bsp.a(alt_icache_flush_all.o)
 .data          0x000000000001113c        0x0 D:/Quartus_Projects/nios_hello2/software/hello_world_sw_bsp/\libhal_bsp.a(altera_nios2_gen2_irq.o)
 .data          0x000000000001113c        0x0 d:/intelfpga_lite/19.1/nios2eds/bin/gnu/h-x86_64-mingw32/bin/../lib/gcc/nios2-elf/8.3.1/../../../../../H-x86_64-mingw32/nios2-elf/lib/mno-hw-mul\libsmallc.a(lib_a-strlen.o)
                0x000000000001913c                _gp = ABSOLUTE ((. + 0x8000))
                [!provide]                        PROVIDE (gp = _gp)
 *(.rwdata .rwdata.*)
 *(.sdata .sdata.* .gnu.linkonce.s.*)
 .sdata         0x000000000001113c        0x4 obj/default/DE_seven_segment_display.o
                0x000000000001113c                timer
 .sdata         0x0000000000011140        0x4 D:/Quartus_Projects/nios_hello2/software/hello_world_sw_bsp/\libhal_bsp.a(alt_sys_init.o)
                0x0000000000011140                jtag_uart
 .sdata         0x0000000000011144       0x14 D:/Quartus_Projects/nios_hello2/software/hello_world_sw_bsp/\libhal_bsp.a(alt_dev.o)
                0x0000000000011144                alt_max_fd
                0x0000000000011148                alt_dev_list
                0x0000000000011150                alt_fs_list
 *(.sdata2 .sdata2.* .gnu.linkonce.s2.*)
                0x0000000000011158                . = ALIGN (0x4)
                0x0000000000011158                _edata = ABSOLUTE (.)
                [!provide]                        PROVIDE (edata = ABSOLUTE (.))
                0x0000000000011158                PROVIDE (__ram_rwdata_end = ABSOLUTE (.))
                0x0000000000011158                PROVIDE (__flash_rwdata_start = LOADADDR (.rwdata))

.bss            0x00000000000111cc      0x344
                0x00000000000111cc                __bss_start = ABSOLUTE (.)
                [!provide]                        PROVIDE (__sbss_start = ABSOLUTE (.))
                [!provide]                        PROVIDE (___sbss_start = ABSOLUTE (.))
 *(.dynsbss)
 *(.sbss .sbss.* .gnu.linkonce.sb.*)
 .sbss          0x00000000000111cc       0x38 obj/default/DE_seven_segment_display.o
                0x00000000000111cc                pause
                0x00000000000111d0                dancing
                0x00000000000111d4                disp_off
                0x00000000000111d8                reverse
                0x00000000000111dc                prevLetter
                0x00000000000111e0                flag
                0x00000000000111e4                length
                0x00000000000111e8                dance_dir
                0x00000000000111ec                slowdown_toggle
                0x00000000000111f0                toggle
                0x00000000000111f4                speedup_toggle
                0x00000000000111f8                upsideDown
                0x00000000000111fc                dance_state
                0x0000000000011200                re_enter
 .sbss          0x0000000000011204        0xc D:/Quartus_Projects/nios_hello2/software/hello_world_sw_bsp/\libhal_bsp.a(alt_main.o)
                0x0000000000011204                alt_envp
                0x0000000000011208                alt_argv
                0x000000000001120c                alt_argc
 *(.sbss2 .sbss2.* .gnu.linkonce.sb2.*)
 *(.scommon)
                [!provide]                        PROVIDE (__sbss_end = ABSOLUTE (.))
                [!provide]                        PROVIDE (___sbss_end = ABSOLUTE (.))
 *(.dynbss)
 *(.bss .bss.* .gnu.linkonce.b.*)
 .bss           0x0000000000011210        0x0 D:/Quartus_Projects/nios_hello2/software/hello_world_sw_bsp/obj/HAL/src/crt0.o
 .bss           0x0000000000011210        0x0 obj/default/DE_seven_segment_display.o
 .bss           0x0000000000011210        0x0 d:/intelfpga_lite/19.1/nios2eds/bin/gnu/h-x86_64-mingw32/bin/../lib/gcc/nios2-elf/8.3.1/mno-hw-mul\libgcc.a(lib2-divmod.o)
 .bss           0x0000000000011210        0x0 D:/Quartus_Projects/nios_hello2/software/hello_world_sw_bsp/\libhal_bsp.a(alt_getchar.o)
 .bss           0x0000000000011210        0x0 D:/Quartus_Projects/nios_hello2/software/hello_world_sw_bsp/\libhal_bsp.a(alt_load.o)
 .bss           0x0000000000011210        0x0 D:/Quartus_Projects/nios_hello2/software/hello_world_sw_bsp/\libhal_bsp.a(alt_main.o)
 .bss           0x0000000000011210        0x0 D:/Quartus_Projects/nios_hello2/software/hello_world_sw_bsp/\libhal_bsp.a(alt_putstr.o)
 .bss           0x0000000000011210        0x0 D:/Quartus_Projects/nios_hello2/software/hello_world_sw_bsp/\libhal_bsp.a(alt_sys_init.o)
 .bss           0x0000000000011210        0x0 D:/Quartus_Projects/nios_hello2/software/hello_world_sw_bsp/\libhal_bsp.a(altera_avalon_jtag_uart_read.o)
 .bss           0x0000000000011210        0x0 D:/Quartus_Projects/nios_hello2/software/hello_world_sw_bsp/\libhal_bsp.a(altera_avalon_jtag_uart_write.o)
 .bss           0x0000000000011210        0x0 D:/Quartus_Projects/nios_hello2/software/hello_world_sw_bsp/\libhal_bsp.a(alt_dcache_flush_all.o)
 .bss           0x0000000000011210        0x0 D:/Quartus_Projects/nios_hello2/software/hello_world_sw_bsp/\libhal_bsp.a(alt_dev.o)
 .bss           0x0000000000011210        0x0 D:/Quartus_Projects/nios_hello2/software/hello_world_sw_bsp/\libhal_bsp.a(alt_icache_flush_all.o)
 .bss           0x0000000000011210        0x0 D:/Quartus_Projects/nios_hello2/software/hello_world_sw_bsp/\libhal_bsp.a(altera_nios2_gen2_irq.o)
 .bss           0x0000000000011210        0x0 d:/intelfpga_lite/19.1/nios2eds/bin/gnu/h-x86_64-mingw32/bin/../lib/gcc/nios2-elf/8.3.1/../../../../../H-x86_64-mingw32/nios2-elf/lib/mno-hw-mul\libsmallc.a(lib_a-strlen.o)
 *(COMMON)
 COMMON         0x0000000000011210      0x300 obj/default/DE_seven_segment_display.o
                0x0000000000011210                text
                0x0000000000011410                enteredText
                0x0000000000011510                . = ALIGN (0x4)
                0x0000000000011510                __bss_end = ABSOLUTE (.)

.onchip_memory  0x0000000000011510        0x0
                [!provide]                        PROVIDE (_alt_partition_onchip_memory_start = ABSOLUTE (.))
 *(.onchip_memory .onchip_memory. onchip_memory.*)
                0x0000000000011510                . = ALIGN (0x4)
                [!provide]                        PROVIDE (_alt_partition_onchip_memory_end = ABSOLUTE (.))
                0x0000000000011510                _end = ABSOLUTE (.)
                0x0000000000011510                end = ABSOLUTE (.)
                0x0000000000011510                __alt_stack_base = ABSOLUTE (.)
                [!provide]                        PROVIDE (_alt_partition_onchip_memory_load_addr = LOADADDR (.onchip_memory))

.stab
 *(.stab)

.stabstr
 *(.stabstr)

.stab.excl
 *(.stab.excl)

.stab.exclstr
 *(.stab.exclstr)

.stab.index
 *(.stab.index)

.stab.indexstr
 *(.stab.indexstr)

.comment        0x0000000000000000       0x2c
 *(.comment)
 .comment       0x0000000000000000       0x2c obj/default/DE_seven_segment_display.o
                                         0x2d (size before relaxing)
 .comment       0x000000000000002c       0x2d d:/intelfpga_lite/19.1/nios2eds/bin/gnu/h-x86_64-mingw32/bin/../lib/gcc/nios2-elf/8.3.1/mno-hw-mul\libgcc.a(lib2-divmod.o)
 .comment       0x000000000000002c       0x2d D:/Quartus_Projects/nios_hello2/software/hello_world_sw_bsp/\libhal_bsp.a(alt_getchar.o)
 .comment       0x000000000000002c       0x2d D:/Quartus_Projects/nios_hello2/software/hello_world_sw_bsp/\libhal_bsp.a(alt_load.o)
 .comment       0x000000000000002c       0x2d D:/Quartus_Projects/nios_hello2/software/hello_world_sw_bsp/\libhal_bsp.a(alt_main.o)
 .comment       0x000000000000002c       0x2d D:/Quartus_Projects/nios_hello2/software/hello_world_sw_bsp/\libhal_bsp.a(alt_putstr.o)
 .comment       0x000000000000002c       0x2d D:/Quartus_Projects/nios_hello2/software/hello_world_sw_bsp/\libhal_bsp.a(alt_sys_init.o)
 .comment       0x000000000000002c       0x2d D:/Quartus_Projects/nios_hello2/software/hello_world_sw_bsp/\libhal_bsp.a(altera_avalon_jtag_uart_read.o)
 .comment       0x000000000000002c       0x2d D:/Quartus_Projects/nios_hello2/software/hello_world_sw_bsp/\libhal_bsp.a(altera_avalon_jtag_uart_write.o)
 .comment       0x000000000000002c       0x2d D:/Quartus_Projects/nios_hello2/software/hello_world_sw_bsp/\libhal_bsp.a(alt_dcache_flush_all.o)
 .comment       0x000000000000002c       0x2d D:/Quartus_Projects/nios_hello2/software/hello_world_sw_bsp/\libhal_bsp.a(alt_dev.o)
 .comment       0x000000000000002c       0x2d D:/Quartus_Projects/nios_hello2/software/hello_world_sw_bsp/\libhal_bsp.a(alt_icache_flush_all.o)
 .comment       0x000000000000002c       0x2d D:/Quartus_Projects/nios_hello2/software/hello_world_sw_bsp/\libhal_bsp.a(altera_nios2_gen2_irq.o)
 .comment       0x000000000000002c       0x2d d:/intelfpga_lite/19.1/nios2eds/bin/gnu/h-x86_64-mingw32/bin/../lib/gcc/nios2-elf/8.3.1/../../../../../H-x86_64-mingw32/nios2-elf/lib/mno-hw-mul\libsmallc.a(lib_a-strlen.o)

.debug
 *(.debug)

.line
 *(.line)

.debug_srcinfo
 *(.debug_srcinfo)

.debug_sfnames
 *(.debug_sfnames)

.debug_aranges  0x0000000000000000      0x1f0
 *(.debug_aranges)
 .debug_aranges
                0x0000000000000000       0x28 D:/Quartus_Projects/nios_hello2/software/hello_world_sw_bsp/obj/HAL/src/crt0.o
 .debug_aranges
                0x0000000000000028       0x28 obj/default/DE_seven_segment_display.o
 .debug_aranges
                0x0000000000000050       0x20 d:/intelfpga_lite/19.1/nios2eds/bin/gnu/h-x86_64-mingw32/bin/../lib/gcc/nios2-elf/8.3.1/mno-hw-mul\libgcc.a(lib2-divmod.o)
 .debug_aranges
                0x0000000000000070       0x20 D:/Quartus_Projects/nios_hello2/software/hello_world_sw_bsp/\libhal_bsp.a(alt_getchar.o)
 .debug_aranges
                0x0000000000000090       0x20 D:/Quartus_Projects/nios_hello2/software/hello_world_sw_bsp/\libhal_bsp.a(alt_load.o)
 .debug_aranges
                0x00000000000000b0       0x20 D:/Quartus_Projects/nios_hello2/software/hello_world_sw_bsp/\libhal_bsp.a(alt_main.o)
 .debug_aranges
                0x00000000000000d0       0x20 D:/Quartus_Projects/nios_hello2/software/hello_world_sw_bsp/\libhal_bsp.a(alt_putstr.o)
 .debug_aranges
                0x00000000000000f0       0x20 D:/Quartus_Projects/nios_hello2/software/hello_world_sw_bsp/\libhal_bsp.a(alt_sys_init.o)
 .debug_aranges
                0x0000000000000110       0x20 D:/Quartus_Projects/nios_hello2/software/hello_world_sw_bsp/\libhal_bsp.a(altera_avalon_jtag_uart_read.o)
 .debug_aranges
                0x0000000000000130       0x20 D:/Quartus_Projects/nios_hello2/software/hello_world_sw_bsp/\libhal_bsp.a(altera_avalon_jtag_uart_write.o)
 .debug_aranges
                0x0000000000000150       0x20 D:/Quartus_Projects/nios_hello2/software/hello_world_sw_bsp/\libhal_bsp.a(alt_dcache_flush_all.o)
 .debug_aranges
                0x0000000000000170       0x20 D:/Quartus_Projects/nios_hello2/software/hello_world_sw_bsp/\libhal_bsp.a(alt_dev.o)
 .debug_aranges
                0x0000000000000190       0x20 D:/Quartus_Projects/nios_hello2/software/hello_world_sw_bsp/\libhal_bsp.a(alt_icache_flush_all.o)
 .debug_aranges
                0x00000000000001b0       0x20 D:/Quartus_Projects/nios_hello2/software/hello_world_sw_bsp/\libhal_bsp.a(altera_nios2_gen2_irq.o)
 .debug_aranges
                0x00000000000001d0       0x20 d:/intelfpga_lite/19.1/nios2eds/bin/gnu/h-x86_64-mingw32/bin/../lib/gcc/nios2-elf/8.3.1/../../../../../H-x86_64-mingw32/nios2-elf/lib/mno-hw-mul\libsmallc.a(lib_a-strlen.o)

.debug_pubnames
 *(.debug_pubnames)

.debug_info     0x0000000000000000     0x9af0
 *(.debug_info .gnu.linkonce.wi.*)
 .debug_info    0x0000000000000000       0x22 D:/Quartus_Projects/nios_hello2/software/hello_world_sw_bsp/obj/HAL/src/crt0.o
 .debug_info    0x0000000000000022     0x1779 obj/default/DE_seven_segment_display.o
 .debug_info    0x000000000000179b      0x368 d:/intelfpga_lite/19.1/nios2eds/bin/gnu/h-x86_64-mingw32/bin/../lib/gcc/nios2-elf/8.3.1/mno-hw-mul\libgcc.a(lib2-divmod.o)
 .debug_info    0x0000000000001b03      0xc2f D:/Quartus_Projects/nios_hello2/software/hello_world_sw_bsp/\libhal_bsp.a(alt_getchar.o)
 .debug_info    0x0000000000002732      0xaea D:/Quartus_Projects/nios_hello2/software/hello_world_sw_bsp/\libhal_bsp.a(alt_load.o)
 .debug_info    0x000000000000321c      0xeac D:/Quartus_Projects/nios_hello2/software/hello_world_sw_bsp/\libhal_bsp.a(alt_main.o)
 .debug_info    0x00000000000040c8      0x9c0 D:/Quartus_Projects/nios_hello2/software/hello_world_sw_bsp/\libhal_bsp.a(alt_putstr.o)
 .debug_info    0x0000000000004a88      0xa5f D:/Quartus_Projects/nios_hello2/software/hello_world_sw_bsp/\libhal_bsp.a(alt_sys_init.o)
 .debug_info    0x00000000000054e7      0xad6 D:/Quartus_Projects/nios_hello2/software/hello_world_sw_bsp/\libhal_bsp.a(altera_avalon_jtag_uart_read.o)
 .debug_info    0x0000000000005fbd      0xaa8 D:/Quartus_Projects/nios_hello2/software/hello_world_sw_bsp/\libhal_bsp.a(altera_avalon_jtag_uart_write.o)
 .debug_info    0x0000000000006a65      0x931 D:/Quartus_Projects/nios_hello2/software/hello_world_sw_bsp/\libhal_bsp.a(alt_dcache_flush_all.o)
 .debug_info    0x0000000000007396      0xe8e D:/Quartus_Projects/nios_hello2/software/hello_world_sw_bsp/\libhal_bsp.a(alt_dev.o)
 .debug_info    0x0000000000008224      0x931 D:/Quartus_Projects/nios_hello2/software/hello_world_sw_bsp/\libhal_bsp.a(alt_icache_flush_all.o)
 .debug_info    0x0000000000008b55      0x952 D:/Quartus_Projects/nios_hello2/software/hello_world_sw_bsp/\libhal_bsp.a(altera_nios2_gen2_irq.o)
 .debug_info    0x00000000000094a7      0x649 d:/intelfpga_lite/19.1/nios2eds/bin/gnu/h-x86_64-mingw32/bin/../lib/gcc/nios2-elf/8.3.1/../../../../../H-x86_64-mingw32/nios2-elf/lib/mno-hw-mul\libsmallc.a(lib_a-strlen.o)

.debug_abbrev   0x0000000000000000     0x1fd9
 *(.debug_abbrev)
 .debug_abbrev  0x0000000000000000       0x12 D:/Quartus_Projects/nios_hello2/software/hello_world_sw_bsp/obj/HAL/src/crt0.o
 .debug_abbrev  0x0000000000000012      0x4f6 obj/default/DE_seven_segment_display.o
 .debug_abbrev  0x0000000000000508      0x103 d:/intelfpga_lite/19.1/nios2eds/bin/gnu/h-x86_64-mingw32/bin/../lib/gcc/nios2-elf/8.3.1/mno-hw-mul\libgcc.a(lib2-divmod.o)
 .debug_abbrev  0x000000000000060b      0x23b D:/Quartus_Projects/nios_hello2/software/hello_world_sw_bsp/\libhal_bsp.a(alt_getchar.o)
 .debug_abbrev  0x0000000000000846      0x277 D:/Quartus_Projects/nios_hello2/software/hello_world_sw_bsp/\libhal_bsp.a(alt_load.o)
 .debug_abbrev  0x0000000000000abd      0x252 D:/Quartus_Projects/nios_hello2/software/hello_world_sw_bsp/\libhal_bsp.a(alt_main.o)
 .debug_abbrev  0x0000000000000d0f      0x249 D:/Quartus_Projects/nios_hello2/software/hello_world_sw_bsp/\libhal_bsp.a(alt_putstr.o)
 .debug_abbrev  0x0000000000000f58      0x279 D:/Quartus_Projects/nios_hello2/software/hello_world_sw_bsp/\libhal_bsp.a(alt_sys_init.o)
 .debug_abbrev  0x00000000000011d1      0x258 D:/Quartus_Projects/nios_hello2/software/hello_world_sw_bsp/\libhal_bsp.a(altera_avalon_jtag_uart_read.o)
 .debug_abbrev  0x0000000000001429      0x251 D:/Quartus_Projects/nios_hello2/software/hello_world_sw_bsp/\libhal_bsp.a(altera_avalon_jtag_uart_write.o)
 .debug_abbrev  0x000000000000167a      0x1e0 D:/Quartus_Projects/nios_hello2/software/hello_world_sw_bsp/\libhal_bsp.a(alt_dcache_flush_all.o)
 .debug_abbrev  0x000000000000185a      0x212 D:/Quartus_Projects/nios_hello2/software/hello_world_sw_bsp/\libhal_bsp.a(alt_dev.o)
 .debug_abbrev  0x0000000000001a6c      0x1e0 D:/Quartus_Projects/nios_hello2/software/hello_world_sw_bsp/\libhal_bsp.a(alt_icache_flush_all.o)
 .debug_abbrev  0x0000000000001c4c      0x1e5 D:/Quartus_Projects/nios_hello2/software/hello_world_sw_bsp/\libhal_bsp.a(altera_nios2_gen2_irq.o)
 .debug_abbrev  0x0000000000001e31      0x1a8 d:/intelfpga_lite/19.1/nios2eds/bin/gnu/h-x86_64-mingw32/bin/../lib/gcc/nios2-elf/8.3.1/../../../../../H-x86_64-mingw32/nios2-elf/lib/mno-hw-mul\libsmallc.a(lib_a-strlen.o)

.debug_line     0x0000000000000000     0x24dd
 *(.debug_line)
 .debug_line    0x0000000000000000       0x66 D:/Quartus_Projects/nios_hello2/software/hello_world_sw_bsp/obj/HAL/src/crt0.o
 .debug_line    0x0000000000000066      0x972 obj/default/DE_seven_segment_display.o
 .debug_line    0x00000000000009d8      0x307 d:/intelfpga_lite/19.1/nios2eds/bin/gnu/h-x86_64-mingw32/bin/../lib/gcc/nios2-elf/8.3.1/mno-hw-mul\libgcc.a(lib2-divmod.o)
 .debug_line    0x0000000000000cdf      0x1be D:/Quartus_Projects/nios_hello2/software/hello_world_sw_bsp/\libhal_bsp.a(alt_getchar.o)
 .debug_line    0x0000000000000e9d      0x255 D:/Quartus_Projects/nios_hello2/software/hello_world_sw_bsp/\libhal_bsp.a(alt_load.o)
 .debug_line    0x00000000000010f2      0x2f7 D:/Quartus_Projects/nios_hello2/software/hello_world_sw_bsp/\libhal_bsp.a(alt_main.o)
 .debug_line    0x00000000000013e9      0x190 D:/Quartus_Projects/nios_hello2/software/hello_world_sw_bsp/\libhal_bsp.a(alt_putstr.o)
 .debug_line    0x0000000000001579      0x1f2 D:/Quartus_Projects/nios_hello2/software/hello_world_sw_bsp/\libhal_bsp.a(alt_sys_init.o)
 .debug_line    0x000000000000176b      0x28d D:/Quartus_Projects/nios_hello2/software/hello_world_sw_bsp/\libhal_bsp.a(altera_avalon_jtag_uart_read.o)
 .debug_line    0x00000000000019f8      0x243 D:/Quartus_Projects/nios_hello2/software/hello_world_sw_bsp/\libhal_bsp.a(altera_avalon_jtag_uart_write.o)
 .debug_line    0x0000000000001c3b      0x17f D:/Quartus_Projects/nios_hello2/software/hello_world_sw_bsp/\libhal_bsp.a(alt_dcache_flush_all.o)
 .debug_line    0x0000000000001dba      0x276 D:/Quartus_Projects/nios_hello2/software/hello_world_sw_bsp/\libhal_bsp.a(alt_dev.o)
 .debug_line    0x0000000000002030      0x17d D:/Quartus_Projects/nios_hello2/software/hello_world_sw_bsp/\libhal_bsp.a(alt_icache_flush_all.o)
 .debug_line    0x00000000000021ad      0x139 D:/Quartus_Projects/nios_hello2/software/hello_world_sw_bsp/\libhal_bsp.a(altera_nios2_gen2_irq.o)
 .debug_line    0x00000000000022e6      0x1f7 d:/intelfpga_lite/19.1/nios2eds/bin/gnu/h-x86_64-mingw32/bin/../lib/gcc/nios2-elf/8.3.1/../../../../../H-x86_64-mingw32/nios2-elf/lib/mno-hw-mul\libsmallc.a(lib_a-strlen.o)

.debug_frame    0x0000000000000000      0x414
 *(.debug_frame)
 .debug_frame   0x0000000000000000      0x1ec obj/default/DE_seven_segment_display.o
 .debug_frame   0x00000000000001ec       0x50 d:/intelfpga_lite/19.1/nios2eds/bin/gnu/h-x86_64-mingw32/bin/../lib/gcc/nios2-elf/8.3.1/mno-hw-mul\libgcc.a(lib2-divmod.o)
 .debug_frame   0x000000000000023c       0x30 D:/Quartus_Projects/nios_hello2/software/hello_world_sw_bsp/\libhal_bsp.a(alt_getchar.o)
 .debug_frame   0x000000000000026c       0x30 D:/Quartus_Projects/nios_hello2/software/hello_world_sw_bsp/\libhal_bsp.a(alt_load.o)
 .debug_frame   0x000000000000029c       0x2c D:/Quartus_Projects/nios_hello2/software/hello_world_sw_bsp/\libhal_bsp.a(alt_main.o)
 .debug_frame   0x00000000000002c8       0x30 D:/Quartus_Projects/nios_hello2/software/hello_world_sw_bsp/\libhal_bsp.a(alt_putstr.o)
 .debug_frame   0x00000000000002f8       0x3c D:/Quartus_Projects/nios_hello2/software/hello_world_sw_bsp/\libhal_bsp.a(alt_sys_init.o)
 .debug_frame   0x0000000000000334       0x20 D:/Quartus_Projects/nios_hello2/software/hello_world_sw_bsp/\libhal_bsp.a(altera_avalon_jtag_uart_read.o)
 .debug_frame   0x0000000000000354       0x20 D:/Quartus_Projects/nios_hello2/software/hello_world_sw_bsp/\libhal_bsp.a(altera_avalon_jtag_uart_write.o)
 .debug_frame   0x0000000000000374       0x20 D:/Quartus_Projects/nios_hello2/software/hello_world_sw_bsp/\libhal_bsp.a(alt_dcache_flush_all.o)
 .debug_frame   0x0000000000000394       0x20 D:/Quartus_Projects/nios_hello2/software/hello_world_sw_bsp/\libhal_bsp.a(alt_dev.o)
 .debug_frame   0x00000000000003b4       0x20 D:/Quartus_Projects/nios_hello2/software/hello_world_sw_bsp/\libhal_bsp.a(alt_icache_flush_all.o)
 .debug_frame   0x00000000000003d4       0x20 D:/Quartus_Projects/nios_hello2/software/hello_world_sw_bsp/\libhal_bsp.a(altera_nios2_gen2_irq.o)
 .debug_frame   0x00000000000003f4       0x20 d:/intelfpga_lite/19.1/nios2eds/bin/gnu/h-x86_64-mingw32/bin/../lib/gcc/nios2-elf/8.3.1/../../../../../H-x86_64-mingw32/nios2-elf/lib/mno-hw-mul\libsmallc.a(lib_a-strlen.o)

.debug_str      0x0000000000000000      0xfd8
 *(.debug_str)
 .debug_str     0x0000000000000000       0x5a D:/Quartus_Projects/nios_hello2/software/hello_world_sw_bsp/obj/HAL/src/crt0.o
 .debug_str     0x000000000000005a      0x6cc obj/default/DE_seven_segment_display.o
                                        0x767 (size before relaxing)
 .debug_str     0x0000000000000726      0x192 d:/intelfpga_lite/19.1/nios2eds/bin/gnu/h-x86_64-mingw32/bin/../lib/gcc/nios2-elf/8.3.1/mno-hw-mul\libgcc.a(lib2-divmod.o)
                                        0x1dd (size before relaxing)
 .debug_str     0x00000000000008b8      0x120 D:/Quartus_Projects/nios_hello2/software/hello_world_sw_bsp/\libhal_bsp.a(alt_getchar.o)
                                        0x662 (size before relaxing)
 .debug_str     0x00000000000009d8      0x125 D:/Quartus_Projects/nios_hello2/software/hello_world_sw_bsp/\libhal_bsp.a(alt_load.o)
                                        0x627 (size before relaxing)
 .debug_str     0x0000000000000afd      0x19a D:/Quartus_Projects/nios_hello2/software/hello_world_sw_bsp/\libhal_bsp.a(alt_main.o)
                                        0x7e2 (size before relaxing)
 .debug_str     0x0000000000000c97       0x3a D:/Quartus_Projects/nios_hello2/software/hello_world_sw_bsp/\libhal_bsp.a(alt_putstr.o)
                                        0x571 (size before relaxing)
 .debug_str     0x0000000000000cd1       0x90 D:/Quartus_Projects/nios_hello2/software/hello_world_sw_bsp/\libhal_bsp.a(alt_sys_init.o)
                                        0x61e (size before relaxing)
 .debug_str     0x0000000000000d61       0x38 D:/Quartus_Projects/nios_hello2/software/hello_world_sw_bsp/\libhal_bsp.a(altera_avalon_jtag_uart_read.o)
                                        0x635 (size before relaxing)
 .debug_str     0x0000000000000d99       0x2c D:/Quartus_Projects/nios_hello2/software/hello_world_sw_bsp/\libhal_bsp.a(altera_avalon_jtag_uart_write.o)
                                        0x62b (size before relaxing)
 .debug_str     0x0000000000000dc5       0x1f D:/Quartus_Projects/nios_hello2/software/hello_world_sw_bsp/\libhal_bsp.a(alt_dcache_flush_all.o)
                                        0x540 (size before relaxing)
 .debug_str     0x0000000000000de4       0x32 D:/Quartus_Projects/nios_hello2/software/hello_world_sw_bsp/\libhal_bsp.a(alt_dev.o)
                                        0x7a7 (size before relaxing)
 .debug_str     0x0000000000000e16       0x1f D:/Quartus_Projects/nios_hello2/software/hello_world_sw_bsp/\libhal_bsp.a(alt_icache_flush_all.o)
                                        0x540 (size before relaxing)
 .debug_str     0x0000000000000e35       0x20 D:/Quartus_Projects/nios_hello2/software/hello_world_sw_bsp/\libhal_bsp.a(altera_nios2_gen2_irq.o)
                                        0x554 (size before relaxing)
 .debug_str     0x0000000000000e55      0x183 d:/intelfpga_lite/19.1/nios2eds/bin/gnu/h-x86_64-mingw32/bin/../lib/gcc/nios2-elf/8.3.1/../../../../../H-x86_64-mingw32/nios2-elf/lib/mno-hw-mul\libsmallc.a(lib_a-strlen.o)
                                        0x4d0 (size before relaxing)

.debug_loc      0x0000000000000000     0x1b69
 *(.debug_loc)
 .debug_loc     0x0000000000000000     0x12a1 obj/default/DE_seven_segment_display.o
 .debug_loc     0x00000000000012a1      0x5f7 d:/intelfpga_lite/19.1/nios2eds/bin/gnu/h-x86_64-mingw32/bin/../lib/gcc/nios2-elf/8.3.1/mno-hw-mul\libgcc.a(lib2-divmod.o)
 .debug_loc     0x0000000000001898       0x66 D:/Quartus_Projects/nios_hello2/software/hello_world_sw_bsp/\libhal_bsp.a(alt_load.o)
 .debug_loc     0x00000000000018fe       0x3f D:/Quartus_Projects/nios_hello2/software/hello_world_sw_bsp/\libhal_bsp.a(alt_putstr.o)
 .debug_loc     0x000000000000193d       0x25 D:/Quartus_Projects/nios_hello2/software/hello_world_sw_bsp/\libhal_bsp.a(alt_sys_init.o)
 .debug_loc     0x0000000000001962      0x130 D:/Quartus_Projects/nios_hello2/software/hello_world_sw_bsp/\libhal_bsp.a(altera_avalon_jtag_uart_read.o)
 .debug_loc     0x0000000000001a92       0x93 D:/Quartus_Projects/nios_hello2/software/hello_world_sw_bsp/\libhal_bsp.a(altera_avalon_jtag_uart_write.o)
 .debug_loc     0x0000000000001b25       0x44 d:/intelfpga_lite/19.1/nios2eds/bin/gnu/h-x86_64-mingw32/bin/../lib/gcc/nios2-elf/8.3.1/../../../../../H-x86_64-mingw32/nios2-elf/lib/mno-hw-mul\libsmallc.a(lib_a-strlen.o)

.debug_macinfo
 *(.debug_macinfo)

.debug_weaknames
 *(.debug_weaknames)

.debug_funcnames
 *(.debug_funcnames)

.debug_typenames
 *(.debug_typenames)

.debug_varnames
 *(.debug_varnames)

.debug_alt_sim_info
                0x0000000000000000       0x10
 *(.debug_alt_sim_info)
 .debug_alt_sim_info
                0x0000000000000000       0x10 D:/Quartus_Projects/nios_hello2/software/hello_world_sw_bsp/obj/HAL/src/crt0.o
                0x0000000000020000                __alt_data_end = 0x20000
                0x0000000000020000                PROVIDE (__alt_stack_pointer = __alt_data_end)
                [!provide]                        PROVIDE (__alt_stack_limit = __alt_stack_base)
                [!provide]                        PROVIDE (__alt_heap_start = end)
                [!provide]                        PROVIDE (__alt_heap_limit = 0x20000)
OUTPUT(hello_world_sw.elf elf32-littlenios2)

.debug_ranges   0x0000000000000000      0x218
 .debug_ranges  0x0000000000000000       0x20 D:/Quartus_Projects/nios_hello2/software/hello_world_sw_bsp/obj/HAL/src/crt0.o
 .debug_ranges  0x0000000000000020       0xb8 obj/default/DE_seven_segment_display.o
 .debug_ranges  0x00000000000000d8       0x70 d:/intelfpga_lite/19.1/nios2eds/bin/gnu/h-x86_64-mingw32/bin/../lib/gcc/nios2-elf/8.3.1/mno-hw-mul\libgcc.a(lib2-divmod.o)
 .debug_ranges  0x0000000000000148       0xa0 D:/Quartus_Projects/nios_hello2/software/hello_world_sw_bsp/\libhal_bsp.a(alt_load.o)
 .debug_ranges  0x00000000000001e8       0x20 D:/Quartus_Projects/nios_hello2/software/hello_world_sw_bsp/\libhal_bsp.a(altera_avalon_jtag_uart_read.o)
 .debug_ranges  0x0000000000000208       0x10 d:/intelfpga_lite/19.1/nios2eds/bin/gnu/h-x86_64-mingw32/bin/../lib/gcc/nios2-elf/8.3.1/../../../../../H-x86_64-mingw32/nios2-elf/lib/mno-hw-mul\libsmallc.a(lib_a-strlen.o)
